// Jest Snapshot v1, https://goo.gl/fbAQLP

exports[`Header Component matches snapshot 1`] = `
<section
  className="loading mt-5 mx-auto"
  data-testid="loader"
>
  <i
    className="fa fa-spinner fa-5x fa-spin"
  />
</section>
`;
