// Jest Snapshot v1, https://goo.gl/fbAQLP

exports[`ErrorMessage Component matches snapshot 1`] = `
<div
  className="w-auto bg-danger p-1 text-white text-center message"
  data-testid="error-message"
>
  Something went wrong
</div>
`;
