// Jest Snapshot v1, https://goo.gl/fbAQLP

exports[`Page404 Component matches snapshot 1`] = `
<main
  className="mt-4 p-3 col-10 col-md-10 offset-1 offset-md-1"
>
  <div
    className="row"
  >
    <div
      className="mx-auto text-center"
    >
      <h1>
        404
      </h1>
      <h2>
        Page Not Found
      </h2>
    </div>
  </div>
</main>
`;
