// Jest Snapshot v1, https://goo.gl/fbAQLP

exports[`matches snapshot 1`] = `
<section
  className="no-data mt-5 mx-auto"
>
  <h2
    data-testid="nodata"
  >
    No data to display
  </h2>
</section>
`;
