// Jest Snapshot v1, https://goo.gl/fbAQLP

exports[`Favourite Page Component matches snapshot 1`] = `
Array [
  <nav
    className="d-flex justify-content-center"
    data-testid="nav"
  >
    <a
      className="p-3 primary-text-color active"
      data-testid="search"
      href="/"
      onClick={[Function]}
    >
      Search
    </a>
    <a
      className="p-3 primary-text-color"
      data-testid="favourite"
      href="/favourites"
      onClick={[Function]}
    >
      Favorites
    </a>
    <a
      className="p-3 primary-text-color"
      data-testid="watchlater"
      href="/watchlist"
      onClick={[Function]}
    >
      WatchLater
    </a>
  </nav>,
  <main
    className="mt-4 p-3 col-10 col-md-10 offset-1 offset-md-1"
  >
    <div
      className="row"
    >
      <section
        className="loading mt-5 mx-auto"
        data-testid="loader"
      >
        <i
          className="fa fa-spinner fa-5x fa-spin"
        />
      </section>
      
      
    </div>
  </main>,
]
`;
